2026-07-29 23:01:27,229 | INFO | Opening Login Page
2026-07-29 23:01:27,643 | INFO | Starting Login Process
2026-07-29 23:01:27,643 | INFO | Entering Username: abhijitdhumale2909@gmail.com
2026-07-29 23:01:29,466 | INFO | Entering Password
2026-07-29 23:01:29,640 | INFO | Clicking Login Button
2026-07-29 23:01:31,987 | INFO | Login Request Submitted
2026-07-29 23:05:39,573 | INFO | Opening Login Page
2026-07-29 23:05:40,015 | INFO | Starting Login Process
2026-07-29 23:05:40,015 | INFO | Entering Username
2026-07-29 23:05:41,868 | INFO | Entering Password
2026-07-29 23:05:42,047 | INFO | Clicking Login Button
2026-07-29 23:05:44,642 | INFO | Login Request Submitted
2026-07-29 23:09:16,556 | INFO | Opening Login Page
2026-07-29 23:09:16,947 | INFO | Starting Login Process
2026-07-29 23:09:16,947 | INFO | Entering Username
2026-07-29 23:09:19,293 | INFO | Entering Password
2026-07-29 23:09:19,513 | INFO | Clicking Login Button
2026-07-29 23:09:21,903 | INFO | Login Request Submitted
2026-07-29 23:10:24,931 | INFO | Opening Login Page
2026-07-29 23:10:25,238 | INFO | Starting Login Process
2026-07-29 23:10:25,238 | INFO | Entering Username
2026-07-29 23:10:27,101 | INFO | Entering Password
2026-07-29 23:10:27,296 | INFO | Clicking Login Button
2026-07-29 23:10:30,159 | INFO | Login Request Submitted
2026-07-29 23:14:29,735 | INFO | Opening Login Page
2026-07-29 23:14:30,094 | INFO | Starting Login Process
2026-07-29 23:14:30,094 | INFO | Entering Username
2026-07-29 23:14:31,933 | INFO | Entering Password
2026-07-29 23:14:32,100 | INFO | Clicking Login Button
2026-07-29 23:14:34,514 | INFO | Login Request Submitted
2026-07-29 23:19:15,559 | INFO | Opening Login Page
2026-07-29 23:19:15,899 | INFO | Starting Login Process
2026-07-29 23:19:15,900 | INFO | Entering Username
2026-07-29 23:19:17,772 | INFO | Entering Password
2026-07-29 23:19:17,938 | INFO | Clicking Login Button
2026-07-29 23:19:20,418 | INFO | Login Request Submitted
2026-07-29 23:19:24,775 | INFO | Opening Login Page
2026-07-29 23:19:25,560 | INFO | Starting Login Process
2026-07-29 23:19:25,560 | INFO | Entering Username
2026-07-29 23:19:27,422 | INFO | Entering Password
2026-07-29 23:19:27,602 | INFO | Clicking Login Button
2026-07-29 23:19:30,233 | INFO | Login Request Submitted
2026-07-29 23:19:34,651 | INFO | Opening Login Page
2026-07-29 23:19:35,037 | INFO | Starting Login Process
2026-07-29 23:19:35,037 | INFO | Entering Username
2026-07-29 23:19:36,899 | INFO | Entering Password
2026-07-29 23:19:37,058 | INFO | Clicking Login Button
2026-07-29 23:19:39,868 | INFO | Login Request Submitted
2026-07-29 23:19:39,968 | INFO | Opening Smart Bin Page
2026-07-29 23:19:40,122 | INFO | Checking Smart Bin page loaded
2026-07-29 23:19:44,485 | INFO | Opening Login Page
2026-07-29 23:19:44,886 | INFO | Starting Login Process
2026-07-29 23:19:44,886 | INFO | Entering Username
2026-07-29 23:19:46,745 | INFO | Entering Password
2026-07-29 23:19:46,923 | INFO | Clicking Login Button
2026-07-29 23:19:49,869 | INFO | Login Request Submitted
2026-07-29 23:19:50,060 | INFO | Opening Smart Bin Page
2026-07-29 23:19:50,221 | INFO | Fetching all Smart Bin cards
2026-07-29 23:19:54,530 | INFO | Opening Login Page
2026-07-29 23:19:55,056 | INFO | Starting Login Process
2026-07-29 23:19:55,057 | INFO | Entering Username
2026-07-29 23:19:56,869 | INFO | Entering Password
2026-07-29 23:19:57,037 | INFO | Clicking Login Button
2026-07-29 23:20:01,375 | INFO | Login Request Submitted
2026-07-29 23:20:01,427 | INFO | Opening Smart Bin Page
2026-07-29 23:20:01,583 | INFO | Fetching bin locations
2026-07-29 23:20:05,951 | INFO | Opening Login Page
2026-07-29 23:20:06,352 | INFO | Starting Login Process
2026-07-29 23:20:06,353 | INFO | Entering Username
2026-07-29 23:20:08,222 | INFO | Entering Password
2026-07-29 23:20:08,397 | INFO | Clicking Login Button
2026-07-29 23:20:12,429 | INFO | Login Request Submitted
2026-07-29 23:20:12,576 | INFO | Opening Smart Bin Page
2026-07-29 23:20:12,720 | INFO | Fetching fill levels
2026-07-29 23:20:17,059 | INFO | Opening Login Page
2026-07-29 23:20:17,483 | INFO | Starting Login Process
2026-07-29 23:20:17,484 | INFO | Entering Username
2026-07-29 23:20:19,308 | INFO | Entering Password
2026-07-29 23:20:19,494 | INFO | Clicking Login Button
2026-07-29 23:20:22,280 | INFO | Login Request Submitted
2026-07-29 23:20:22,462 | INFO | Opening Smart Bin Page
2026-07-29 23:20:22,620 | INFO | Clicking Available Filter
2026-07-29 23:20:27,709 | INFO | Opening Login Page
2026-07-29 23:20:28,128 | INFO | Starting Login Process
2026-07-29 23:20:28,128 | INFO | Entering Username
2026-07-29 23:20:29,982 | INFO | Entering Password
2026-07-29 23:20:30,156 | INFO | Clicking Login Button
2026-07-29 23:20:32,519 | INFO | Login Request Submitted
2026-07-29 23:20:32,637 | INFO | Opening Smart Bin Page
2026-07-29 23:20:32,782 | INFO | Clicking Full Filter
2026-07-29 23:20:37,241 | INFO | Opening Login Page
2026-07-29 23:20:37,645 | INFO | Starting Login Process
2026-07-29 23:20:37,645 | INFO | Entering Username
2026-07-29 23:20:39,504 | INFO | Entering Password
2026-07-29 23:20:39,709 | INFO | Clicking Login Button
2026-07-29 23:20:42,831 | INFO | Login Request Submitted
2026-07-29 23:20:42,888 | INFO | Opening Smart Bin Page
2026-07-29 23:20:43,034 | INFO | Clicking Full Filter
2026-07-29 23:20:43,711 | INFO | Clicking All Filter
2026-07-29 23:20:43,854 | INFO | Fetching all Smart Bin cards
2026-07-29 23:31:38,511 | INFO | Opening Login Page
2026-07-29 23:31:38,857 | INFO | Starting Login Process
2026-07-29 23:31:38,857 | INFO | Entering Username
2026-07-29 23:31:40,696 | INFO | Entering Password
2026-07-29 23:31:40,871 | INFO | Clicking Login Button
2026-07-29 23:31:44,177 | INFO | Login Request Submitted
2026-07-29 23:31:48,577 | INFO | Opening Login Page
2026-07-29 23:31:48,928 | INFO | Starting Login Process
2026-07-29 23:31:48,928 | INFO | Entering Username
2026-07-29 23:31:50,764 | INFO | Entering Password
2026-07-29 23:31:50,929 | INFO | Clicking Login Button
2026-07-29 23:31:53,199 | INFO | Login Request Submitted
2026-07-29 23:31:57,684 | INFO | Opening Login Page
2026-07-29 23:31:58,079 | INFO | Starting Login Process
2026-07-29 23:31:58,079 | INFO | Entering Username
2026-07-29 23:31:59,894 | INFO | Entering Password
2026-07-29 23:32:00,061 | INFO | Clicking Login Button
2026-07-29 23:32:02,250 | INFO | Login Request Submitted
2026-07-29 23:32:02,476 | INFO | Opening Smart Bin Page
2026-07-29 23:32:02,647 | INFO | Checking Smart Bin page loaded
2026-07-29 23:32:06,953 | INFO | Opening Login Page
2026-07-29 23:32:07,333 | INFO | Starting Login Process
2026-07-29 23:32:07,334 | INFO | Entering Username
2026-07-29 23:32:09,157 | INFO | Entering Password
2026-07-29 23:32:09,312 | INFO | Clicking Login Button
2026-07-29 23:32:11,688 | INFO | Login Request Submitted
2026-07-29 23:32:11,806 | INFO | Opening Smart Bin Page
2026-07-29 23:32:11,952 | INFO | Fetching all Smart Bin cards
2026-07-29 23:32:16,274 | INFO | Opening Login Page
2026-07-29 23:32:16,852 | INFO | Starting Login Process
2026-07-29 23:32:16,852 | INFO | Entering Username
2026-07-29 23:32:18,677 | INFO | Entering Password
2026-07-29 23:32:18,837 | INFO | Clicking Login Button
2026-07-29 23:32:21,547 | INFO | Login Request Submitted
2026-07-29 23:32:21,602 | INFO | Opening Smart Bin Page
2026-07-29 23:32:26,198 | INFO | Opening Login Page
2026-07-29 23:32:26,464 | INFO | Starting Login Process
2026-07-29 23:32:26,464 | INFO | Entering Username
2026-07-29 23:32:28,806 | INFO | Entering Password
2026-07-29 23:32:28,970 | INFO | Clicking Login Button
2026-07-29 23:32:31,219 | INFO | Login Request Submitted
2026-07-29 23:32:31,423 | INFO | Opening Smart Bin Page
2026-07-29 23:32:31,585 | INFO | Fetching fill levels
2026-07-29 23:32:35,941 | INFO | Opening Login Page
2026-07-29 23:32:37,078 | INFO | Starting Login Process
2026-07-29 23:32:37,079 | INFO | Entering Username
2026-07-29 23:32:38,364 | INFO | Entering Password
2026-07-29 23:32:38,518 | INFO | Clicking Login Button
2026-07-29 23:32:40,874 | INFO | Login Request Submitted
2026-07-29 23:32:41,012 | INFO | Opening Smart Bin Page
2026-07-29 23:32:41,173 | INFO | Clicking Available Filter
2026-07-29 23:32:45,755 | INFO | Opening Login Page
2026-07-29 23:32:46,707 | INFO | Starting Login Process
2026-07-29 23:32:46,707 | INFO | Entering Username
2026-07-29 23:32:47,965 | INFO | Entering Password
2026-07-29 23:32:48,120 | INFO | Clicking Login Button
2026-07-29 23:32:50,583 | INFO | Login Request Submitted
2026-07-29 23:32:50,660 | INFO | Opening Smart Bin Page
2026-07-29 23:32:50,812 | INFO | Clicking Full Filter
2026-07-29 23:33:06,474 | INFO | Opening Login Page
2026-07-29 23:33:06,823 | INFO | Starting Login Process
2026-07-29 23:33:06,823 | INFO | Entering Username
2026-07-29 23:33:08,611 | INFO | Entering Password
2026-07-29 23:33:08,761 | INFO | Clicking Login Button
2026-07-29 23:33:11,136 | INFO | Login Request Submitted
2026-07-29 23:33:11,212 | INFO | Opening Smart Bin Page
2026-07-29 23:33:11,365 | INFO | Clicking Full Filter
2026-07-29 23:33:11,532 | INFO | Clicking All Filter
2026-07-29 23:33:11,679 | INFO | Fetching all Smart Bin cards
2026-07-29 23:40:48,370 | INFO | Opening Login Page
2026-07-29 23:40:48,825 | INFO | Starting Login Process
2026-07-29 23:40:48,826 | INFO | Entering Username
2026-07-29 23:40:50,625 | INFO | Entering Password
2026-07-29 23:40:50,819 | INFO | Clicking Login Button
2026-07-29 23:40:58,429 | INFO | Login Request Submitted
2026-07-29 23:41:02,776 | INFO | Opening Login Page
2026-07-29 23:41:03,251 | INFO | Starting Login Process
2026-07-29 23:41:03,251 | INFO | Entering Username
2026-07-29 23:41:05,068 | INFO | Entering Password
2026-07-29 23:41:05,234 | INFO | Clicking Login Button
2026-07-29 23:41:08,180 | INFO | Login Request Submitted
2026-07-29 23:50:26,542 | INFO | Opening Login Page
2026-07-29 23:50:27,195 | INFO | Starting Login Process
2026-07-29 23:50:27,195 | INFO | Entering Username
2026-07-29 23:50:29,055 | INFO | Entering Password
2026-07-29 23:50:29,236 | INFO | Clicking Login Button
2026-07-29 23:50:31,654 | INFO | Login Request Submitted
2026-07-29 23:50:36,033 | INFO | Opening Login Page
2026-07-29 23:50:36,631 | INFO | Starting Login Process
2026-07-29 23:50:36,631 | INFO | Entering Username
2026-07-29 23:50:38,451 | INFO | Entering Password
2026-07-29 23:50:38,639 | INFO | Clicking Login Button
2026-07-29 23:50:40,922 | INFO | Login Request Submitted
2026-07-29 23:57:26,844 | INFO | Opening Login Page
2026-07-29 23:57:27,634 | INFO | Starting Login Process
2026-07-29 23:57:27,635 | INFO | Entering Username
2026-07-29 23:57:29,468 | INFO | Entering Password
2026-07-29 23:57:29,652 | INFO | Clicking Login Button
2026-07-29 23:57:32,134 | INFO | Login Request Submitted
2026-07-29 23:57:37,550 | INFO | Opening Login Page
2026-07-29 23:57:37,957 | INFO | Starting Login Process
2026-07-29 23:57:37,958 | INFO | Entering Username
2026-07-29 23:57:39,767 | INFO | Entering Password
2026-07-29 23:57:39,955 | INFO | Clicking Login Button
2026-07-29 23:57:42,342 | INFO | Login Request Submitted
2026-07-29 23:57:46,855 | INFO | Opening Login Page
2026-07-29 23:57:47,214 | INFO | Starting Login Process
2026-07-29 23:57:47,215 | INFO | Entering Username
2026-07-29 23:57:49,008 | INFO | Entering Password
2026-07-29 23:57:49,176 | INFO | Clicking Login Button
2026-07-29 23:57:51,897 | INFO | Login Request Submitted
2026-07-29 23:57:56,449 | INFO | Opening Login Page
2026-07-29 23:57:56,785 | INFO | Starting Login Process
2026-07-29 23:57:56,785 | INFO | Entering Username
2026-07-29 23:57:58,672 | INFO | Entering Password
2026-07-29 23:57:58,854 | INFO | Clicking Login Button
2026-07-29 23:58:01,221 | INFO | Login Request Submitted
2026-07-29 23:58:01,342 | INFO | Opening Smart Bin Page
2026-07-29 23:58:01,509 | INFO | Clicking Full Filter
2026-07-29 23:59:52,744 | INFO | Opening Login Page
2026-07-29 23:59:53,123 | INFO | Starting Login Process
2026-07-29 23:59:53,123 | INFO | Entering Username
2026-07-29 23:59:54,939 | INFO | Entering Password
2026-07-29 23:59:55,110 | INFO | Clicking Login Button
2026-07-29 23:59:57,700 | INFO | Login Request Submitted
2026-07-30 00:00:33,527 | INFO | Opening Login Page
2026-07-30 00:00:33,899 | INFO | Starting Login Process
2026-07-30 00:00:33,900 | INFO | Entering Username
2026-07-30 00:00:36,339 | INFO | Entering Password
2026-07-30 00:00:36,519 | INFO | Clicking Login Button
2026-07-30 00:00:39,021 | INFO | Login Request Submitted
2026-07-30 00:00:43,552 | INFO | Opening Login Page
2026-07-30 00:00:43,833 | INFO | Starting Login Process
2026-07-30 00:00:43,833 | INFO | Entering Username
2026-07-30 00:00:46,249 | INFO | Entering Password
2026-07-30 00:00:46,404 | INFO | Clicking Login Button
2026-07-30 00:00:50,113 | INFO | Login Request Submitted
2026-07-30 00:00:54,454 | INFO | Opening Login Page
2026-07-30 00:00:54,875 | INFO | Starting Login Process
2026-07-30 00:00:54,875 | INFO | Entering Username
2026-07-30 00:00:56,682 | INFO | Entering Password
2026-07-30 00:00:56,854 | INFO | Clicking Login Button
2026-07-30 00:00:59,096 | INFO | Login Request Submitted
2026-07-30 00:00:59,312 | INFO | Opening Smart Bin Page
2026-07-30 00:00:59,462 | INFO | Clicking Full Filter
2026-07-30 00:02:28,535 | INFO | Opening Login Page
2026-07-30 00:02:28,901 | INFO | Starting Login Process
2026-07-30 00:02:28,901 | INFO | Entering Username
2026-07-30 00:02:30,707 | INFO | Entering Password
2026-07-30 00:02:30,890 | INFO | Clicking Login Button
2026-07-30 00:02:33,488 | INFO | Login Request Submitted
2026-07-30 00:02:33,573 | INFO | Opening Dashboard Page
2026-07-30 00:02:34,174 | INFO | Checking Dashboard Page
2026-07-30 00:02:38,553 | INFO | Opening Login Page
2026-07-30 00:02:38,957 | INFO | Starting Login Process
2026-07-30 00:02:38,957 | INFO | Entering Username
2026-07-30 00:02:40,772 | INFO | Entering Password
2026-07-30 00:02:40,938 | INFO | Clicking Login Button
2026-07-30 00:02:44,182 | INFO | Login Request Submitted
2026-07-30 00:02:48,565 | INFO | Opening Login Page
2026-07-30 00:02:49,012 | INFO | Starting Login Process
2026-07-30 00:02:49,012 | INFO | Entering Username
2026-07-30 00:02:50,824 | INFO | Entering Password
2026-07-30 00:02:50,996 | INFO | Clicking Login Button
2026-07-30 00:02:54,919 | INFO | Login Request Submitted
2026-07-30 00:02:59,417 | INFO | Opening Login Page
2026-07-30 00:03:00,200 | INFO | Starting Login Process
2026-07-30 00:03:00,200 | INFO | Entering Username
2026-07-30 00:03:02,095 | INFO | Entering Password
2026-07-30 00:03:02,264 | INFO | Clicking Login Button
2026-07-30 00:03:04,623 | INFO | Login Request Submitted
2026-07-30 00:03:04,701 | INFO | Opening Smart Bin Page
2026-07-30 00:03:04,872 | INFO | Clicking Full Filter
2026-07-30 00:40:15,761 | INFO | Opening Login Page
2026-07-30 00:40:23,215 | INFO | Opening Login Page
2026-07-30 00:40:31,840 | INFO | Opening Login Page
2026-07-30 00:40:38,596 | INFO | Opening Login Page
2026-07-30 00:43:17,403 | INFO | Opening Login Page
2026-07-30 00:43:17,782 | INFO | Starting Login Process
2026-07-30 00:43:17,782 | INFO | Entering Username
2026-07-30 00:43:19,594 | INFO | Entering Password
2026-07-30 00:43:19,753 | INFO | Clicking Login Button
2026-07-30 00:43:22,501 | INFO | Login Request Submitted
2026-07-30 00:43:22,580 | INFO | Opening Dashboard Page
2026-07-30 00:43:23,059 | INFO | Checking Dashboard Page
2026-07-30 00:43:27,390 | INFO | Opening Login Page
2026-07-30 00:43:27,672 | INFO | Starting Login Process
2026-07-30 00:43:27,672 | INFO | Entering Username
2026-07-30 00:43:29,517 | INFO | Entering Password
2026-07-30 00:43:29,667 | INFO | Clicking Login Button
2026-07-30 00:43:32,327 | INFO | Login Request Submitted
2026-07-30 00:43:36,756 | INFO | Opening Login Page
2026-07-30 00:43:37,106 | INFO | Starting Login Process
2026-07-30 00:43:37,106 | INFO | Entering Username
2026-07-30 00:43:38,917 | INFO | Entering Password
2026-07-30 00:43:39,103 | INFO | Clicking Login Button
2026-07-30 00:43:41,476 | INFO | Login Request Submitted
2026-07-30 00:43:45,842 | INFO | Opening Login Page
2026-07-30 00:43:46,663 | INFO | Starting Login Process
2026-07-30 00:43:46,664 | INFO | Entering Username
2026-07-30 00:43:47,988 | INFO | Entering Password
2026-07-30 00:43:48,138 | INFO | Clicking Login Button
2026-07-30 00:43:49,131 | INFO | Login Request Submitted
2026-07-30 00:44:03,468 | INFO | Opening Login Page
2026-07-30 00:44:03,906 | INFO | Starting Login Process
2026-07-30 00:44:03,906 | INFO | Entering Username
2026-07-30 00:44:05,744 | INFO | Entering Password
2026-07-30 00:44:05,906 | INFO | Clicking Login Button
2026-07-30 00:44:06,898 | INFO | Login Request Submitted
2026-07-30 00:44:21,199 | INFO | Opening Login Page
2026-07-30 00:44:21,558 | INFO | Starting Login Process
2026-07-30 00:44:21,559 | INFO | Entering Username
2026-07-30 00:44:23,406 | INFO | Entering Password
2026-07-30 00:44:23,578 | INFO | Clicking Login Button
2026-07-30 00:44:24,581 | INFO | Login Request Submitted
2026-07-30 00:44:38,949 | INFO | Opening Login Page
2026-07-30 00:44:40,108 | INFO | Starting Login Process
2026-07-30 00:44:40,109 | INFO | Entering Username
2026-07-30 00:44:41,393 | INFO | Entering Password
2026-07-30 00:44:41,553 | INFO | Clicking Login Button
2026-07-30 00:44:45,552 | INFO | Login Request Submitted
2026-07-30 00:44:45,649 | INFO | Opening Smart Bin Page
2026-07-30 00:44:45,807 | INFO | Clicking Full Filter
2026-07-30 00:49:10,678 | INFO | Opening Login Page
2026-07-30 00:49:11,037 | INFO | Starting Login Process
2026-07-30 00:49:11,037 | INFO | Entering Username
2026-07-30 00:49:12,603 | INFO | Opening Login Page
2026-07-30 00:49:12,897 | INFO | Starting Login Process
2026-07-30 00:49:12,897 | INFO | Entering Username
2026-07-30 00:49:12,957 | INFO | Entering Password
2026-07-30 00:49:13,166 | INFO | Clicking Login Button
2026-07-30 00:49:15,279 | INFO | Entering Password
2026-07-30 00:49:15,501 | INFO | Clicking Login Button
2026-07-30 00:49:16,127 | INFO | Login Request Submitted
2026-07-30 00:49:16,511 | INFO | Opening Dashboard Page
2026-07-30 00:49:17,101 | INFO | Checking Dashboard Page
2026-07-30 00:49:18,309 | INFO | Login Request Submitted
2026-07-30 00:49:21,802 | INFO | Opening Login Page
2026-07-30 00:49:22,179 | INFO | Starting Login Process
2026-07-30 00:49:22,179 | INFO | Entering Username
2026-07-30 00:49:22,950 | INFO | Opening Login Page
2026-07-30 00:49:23,310 | INFO | Starting Login Process
2026-07-30 00:49:23,311 | INFO | Entering Username
2026-07-30 00:49:24,122 | INFO | Entering Password
2026-07-30 00:49:24,327 | INFO | Clicking Login Button
2026-07-30 00:49:25,113 | INFO | Entering Password
2026-07-30 00:49:25,293 | INFO | Clicking Login Button
2026-07-30 00:49:26,711 | INFO | Login Request Submitted
2026-07-30 00:49:27,419 | INFO | Login Request Submitted
2026-07-30 00:49:32,066 | INFO | Opening Login Page
2026-07-30 00:49:32,918 | INFO | Starting Login Process
2026-07-30 00:49:32,918 | INFO | Entering Username
2026-07-30 00:49:34,817 | INFO | Entering Password
2026-07-30 00:49:35,007 | INFO | Clicking Login Button
2026-07-30 00:49:36,005 | INFO | Login Request Submitted
2026-07-30 00:49:41,286 | INFO | Opening Login Page
2026-07-30 00:49:41,727 | INFO | Starting Login Process
2026-07-30 00:49:41,727 | INFO | Entering Username
2026-07-30 00:49:43,530 | INFO | Entering Password
2026-07-30 00:49:43,693 | INFO | Clicking Login Button
2026-07-30 00:49:44,697 | INFO | Login Request Submitted
2026-07-30 00:49:50,560 | INFO | Opening Login Page
2026-07-30 00:49:50,999 | INFO | Starting Login Process
2026-07-30 00:49:50,999 | INFO | Entering Username
2026-07-30 00:49:52,824 | INFO | Entering Password
2026-07-30 00:49:52,993 | INFO | Clicking Login Button
2026-07-30 00:49:55,473 | INFO | Login Request Submitted
2026-07-30 00:49:55,539 | INFO | Opening Smart Bin Page
2026-07-30 00:49:55,692 | INFO | Clicking Full Filter
2026-07-30 00:54:01,945 | INFO | Opening Login Page
2026-07-30 00:54:02,523 | INFO | Starting Login Process
2026-07-30 00:54:02,523 | INFO | Entering Username
2026-07-30 00:54:04,350 | INFO | Entering Password
2026-07-30 00:54:04,514 | INFO | Clicking Login Button
2026-07-30 00:54:06,777 | INFO | Login Request Submitted
2026-07-30 00:54:06,897 | INFO | Opening Dashboard Page
2026-07-30 00:54:07,319 | INFO | Checking Dashboard Page
2026-07-30 00:54:11,667 | INFO | Opening Login Page
2026-07-30 00:54:12,022 | INFO | Starting Login Process
2026-07-30 00:54:12,022 | INFO | Entering Username
2026-07-30 00:54:13,843 | INFO | Entering Password
2026-07-30 00:54:14,004 | INFO | Clicking Login Button
2026-07-30 00:54:17,028 | INFO | Login Request Submitted
2026-07-30 00:54:21,504 | INFO | Opening Login Page
2026-07-30 00:54:22,943 | INFO | Starting Login Process
2026-07-30 00:54:22,943 | INFO | Entering Username
2026-07-30 00:54:23,700 | INFO | Entering Password
2026-07-30 00:54:23,867 | INFO | Clicking Login Button
2026-07-30 00:54:26,195 | INFO | Login Request Submitted
2026-07-30 00:54:30,606 | INFO | Opening Login Page
2026-07-30 00:54:31,341 | INFO | Starting Login Process
2026-07-30 00:54:31,342 | INFO | Entering Username
2026-07-30 00:54:33,297 | INFO | Entering Password
2026-07-30 00:54:33,455 | INFO | Clicking Login Button
2026-07-30 00:54:34,488 | INFO | Login Request Submitted
2026-07-30 00:54:49,468 | INFO | Opening Login Page
2026-07-30 00:54:49,880 | INFO | Starting Login Process
2026-07-30 00:54:49,880 | INFO | Entering Username
2026-07-30 00:54:51,681 | INFO | Entering Password
2026-07-30 00:54:51,856 | INFO | Clicking Login Button
2026-07-30 00:54:52,892 | INFO | Login Request Submitted
2026-07-30 00:55:07,843 | INFO | Opening Login Page
2026-07-30 00:55:08,179 | INFO | Starting Login Process
2026-07-30 00:55:08,179 | INFO | Entering Username
2026-07-30 00:55:09,997 | INFO | Entering Password
2026-07-30 00:55:10,189 | INFO | Clicking Login Button
2026-07-30 00:55:11,176 | INFO | Login Request Submitted
2026-07-30 00:55:26,155 | INFO | Opening Login Page
2026-07-30 00:55:26,884 | INFO | Starting Login Process
2026-07-30 00:55:26,884 | INFO | Entering Username
2026-07-30 00:55:28,706 | INFO | Entering Password
2026-07-30 00:55:28,861 | INFO | Clicking Login Button
2026-07-30 00:55:31,345 | INFO | Login Request Submitted
2026-07-30 00:55:31,433 | INFO | Opening Smart Bin Page
2026-07-30 00:55:31,602 | INFO | Clicking Full Filter
2026-07-30 00:56:30,458 | INFO | Opening Login Page
2026-07-30 00:56:30,887 | INFO | Starting Login Process
2026-07-30 00:56:30,888 | INFO | Entering Username
2026-07-30 00:56:31,648 | INFO | Entering Password
2026-07-30 00:56:31,805 | INFO | Clicking Login Button
2026-07-30 00:56:35,667 | INFO | Login Request Submitted
2026-07-30 00:56:35,724 | INFO | Opening Dashboard Page
2026-07-30 00:56:36,147 | INFO | Checking Dashboard Page
2026-07-30 00:56:40,648 | INFO | Opening Login Page
2026-07-30 00:56:41,008 | INFO | Starting Login Process
2026-07-30 00:56:41,008 | INFO | Entering Username
2026-07-30 00:56:41,759 | INFO | Entering Password
2026-07-30 00:56:41,909 | INFO | Clicking Login Button
2026-07-30 00:56:44,672 | INFO | Login Request Submitted
2026-07-30 00:56:49,228 | INFO | Opening Login Page
2026-07-30 00:56:51,133 | INFO | Starting Login Process
2026-07-30 00:56:51,133 | INFO | Entering Username
2026-07-30 00:56:51,351 | INFO | Entering Password
2026-07-30 00:56:51,519 | INFO | Clicking Login Button
2026-07-30 00:56:54,501 | INFO | Login Request Submitted
2026-07-30 00:56:59,052 | INFO | Opening Login Page
2026-07-30 00:56:59,721 | INFO | Starting Login Process
2026-07-30 00:56:59,721 | INFO | Entering Username
2026-07-30 00:56:59,991 | INFO | Entering Password
2026-07-30 00:57:00,172 | INFO | Clicking Login Button
2026-07-30 00:57:01,171 | INFO | Login Request Submitted
2026-07-30 00:57:16,178 | INFO | Opening Login Page
2026-07-30 00:57:16,611 | INFO | Starting Login Process
2026-07-30 00:57:16,611 | INFO | Entering Username
2026-07-30 00:57:17,360 | INFO | Entering Password
2026-07-30 00:57:17,518 | INFO | Clicking Login Button
2026-07-30 00:57:18,483 | INFO | Login Request Submitted
2026-07-30 00:57:33,988 | INFO | Opening Login Page
2026-07-30 00:57:34,739 | INFO | Starting Login Process
2026-07-30 00:57:34,739 | INFO | Entering Username
2026-07-30 00:57:34,977 | INFO | Entering Password
2026-07-30 00:57:35,140 | INFO | Clicking Login Button
2026-07-30 00:57:36,127 | INFO | Login Request Submitted
2026-07-30 00:57:51,548 | INFO | Opening Login Page
2026-07-30 00:57:51,876 | INFO | Starting Login Process
2026-07-30 00:57:51,877 | INFO | Entering Username
2026-07-30 00:57:52,633 | INFO | Entering Password
2026-07-30 00:57:52,791 | INFO | Clicking Login Button
2026-07-30 00:57:55,074 | INFO | Login Request Submitted
2026-07-30 00:57:55,206 | INFO | Opening Smart Bin Page
2026-07-30 00:57:55,344 | INFO | Clicking Full Filter
2026-07-30 00:59:31,897 | INFO | Opening Login Page
2026-07-30 00:59:32,742 | INFO | Opening Login Page
2026-07-30 00:59:33,302 | INFO | Opening Login Page
2026-07-30 00:59:33,555 | INFO | Opening Login Page
2026-07-30 00:59:33,653 | INFO | Opening Login Page
2026-07-30 00:59:34,078 | INFO | Starting Login Process
2026-07-30 00:59:34,079 | INFO | Entering Username
2026-07-30 00:59:34,553 | INFO | Starting Login Process
2026-07-30 00:59:34,553 | INFO | Entering Username
2026-07-30 00:59:35,303 | INFO | Entering Password
2026-07-30 00:59:35,485 | INFO | Starting Login Process
2026-07-30 00:59:35,486 | INFO | Entering Username
2026-07-30 00:59:35,500 | INFO | Clicking Login Button
2026-07-30 00:59:35,554 | INFO | Starting Login Process
2026-07-30 00:59:35,555 | INFO | Entering Username
2026-07-30 00:59:35,730 | INFO | Starting Login Process
2026-07-30 00:59:35,731 | INFO | Entering Username
2026-07-30 00:59:35,884 | INFO | Entering Password
2026-07-30 00:59:36,227 | INFO | Clicking Login Button
2026-07-30 00:59:36,489 | INFO | Entering Password
2026-07-30 00:59:36,621 | INFO | Entering Password
2026-07-30 00:59:36,724 | INFO | Entering Password
2026-07-30 00:59:36,929 | INFO | Clicking Login Button
2026-07-30 00:59:37,097 | INFO | Clicking Login Button
2026-07-30 00:59:37,323 | INFO | Clicking Login Button
2026-07-30 00:59:38,684 | INFO | Login Request Submitted
2026-07-30 00:59:40,238 | INFO | Login Request Submitted
2026-07-30 00:59:40,905 | INFO | Login Request Submitted
2026-07-30 00:59:41,266 | INFO | Opening Login Page
2026-07-30 00:59:42,053 | INFO | Starting Login Process
2026-07-30 00:59:42,053 | INFO | Entering Username
2026-07-30 00:59:42,437 | INFO | Entering Password
2026-07-30 00:59:42,698 | INFO | Opening Login Page
2026-07-30 00:59:43,072 | INFO | Clicking Login Button
2026-07-30 00:59:43,388 | INFO | Starting Login Process
2026-07-30 00:59:43,388 | INFO | Entering Username
2026-07-30 00:59:43,655 | INFO | Entering Password
2026-07-30 00:59:43,854 | INFO | Clicking Login Button
2026-07-30 00:59:49,729 | INFO | Login Request Submitted
2026-07-30 00:59:49,896 | INFO | Opening Dashboard Page
2026-07-30 00:59:49,967 | INFO | Login Request Submitted
2026-07-30 00:59:50,259 | INFO | Login Request Submitted
2026-07-30 00:59:50,455 | INFO | Checking Dashboard Page
2026-07-30 00:59:51,356 | INFO | Opening Smart Bin Page
2026-07-30 00:59:52,121 | INFO | Clicking Full Filter
2026-07-30 00:59:52,737 | INFO | Login Request Submitted
2026-07-30 01:00:56,803 | INFO | Opening Login Page
2026-07-30 01:00:57,111 | INFO | Starting Login Process
2026-07-30 01:00:57,111 | INFO | Entering Username
2026-07-30 01:00:57,873 | INFO | Entering Password
2026-07-30 01:00:58,036 | INFO | Clicking Login Button
2026-07-30 01:01:00,414 | INFO | Login Request Submitted
2026-07-30 01:01:00,470 | INFO | Opening Smart Bin Page
2026-07-30 01:01:00,610 | INFO | Clicking Full Filter
2026-07-30 01:01:05,477 | INFO | Opening Login Page
2026-07-30 01:01:06,073 | INFO | Starting Login Process
2026-07-30 01:01:06,074 | INFO | Entering Username
2026-07-30 01:01:06,829 | INFO | Entering Password
2026-07-30 01:01:06,997 | INFO | Clicking Login Button
2026-07-30 01:01:09,367 | INFO | Login Request Submitted
2026-07-30 01:01:10,862 | INFO | Opening Login Page
2026-07-30 01:01:11,268 | INFO | Starting Login Process
2026-07-30 01:01:11,268 | INFO | Entering Username
2026-07-30 01:01:12,141 | INFO | Entering Password
2026-07-30 01:01:12,322 | INFO | Opening Login Page
2026-07-30 01:01:12,443 | INFO | Clicking Login Button
2026-07-30 01:01:12,791 | INFO | Starting Login Process
2026-07-30 01:01:12,791 | INFO | Entering Username
2026-07-30 01:01:13,269 | INFO | Opening Login Page
2026-07-30 01:01:13,698 | INFO | Starting Login Process
2026-07-30 01:01:13,699 | INFO | Entering Username
2026-07-30 01:01:13,706 | INFO | Entering Password
2026-07-30 01:01:13,834 | INFO | Login Request Submitted
2026-07-30 01:01:14,040 | INFO | Clicking Login Button
2026-07-30 01:01:14,574 | INFO | Entering Password
2026-07-30 01:01:14,942 | INFO | Clicking Login Button
2026-07-30 01:01:14,947 | INFO | Opening Login Page
2026-07-30 01:01:15,350 | INFO | Login Request Submitted
2026-07-30 01:01:15,412 | INFO | Starting Login Process
2026-07-30 01:01:15,412 | INFO | Entering Username
2026-07-30 01:01:16,239 | INFO | Opening Login Page
2026-07-30 01:01:16,358 | INFO | Entering Password
2026-07-30 01:01:16,694 | INFO | Starting Login Process
2026-07-30 01:01:16,694 | INFO | Entering Username
2026-07-30 01:01:16,732 | INFO | Clicking Login Button
2026-07-30 01:01:17,515 | INFO | Entering Password
2026-07-30 01:01:17,706 | INFO | Clicking Login Button
2026-07-30 01:01:18,406 | INFO | Login Request Submitted
2026-07-30 01:01:19,120 | INFO | Login Request Submitted
2026-07-30 01:01:20,587 | INFO | Login Request Submitted
2026-07-30 01:01:20,692 | INFO | Opening Dashboard Page
2026-07-30 01:01:21,167 | INFO | Checking Dashboard Page
2026-07-30 01:02:06,184 | INFO | Opening Login Page
2026-07-30 01:02:06,225 | INFO | Opening Login Page
2026-07-30 01:02:06,788 | INFO | Starting Login Process
2026-07-30 01:02:06,789 | INFO | Entering Username
2026-07-30 01:02:06,831 | INFO | Starting Login Process
2026-07-30 01:02:06,832 | INFO | Entering Username
2026-07-30 01:02:08,730 | INFO | Entering Password
2026-07-30 01:02:08,808 | INFO | Entering Password
2026-07-30 01:02:08,913 | INFO | Clicking Login Button
2026-07-30 01:02:09,008 | INFO | Clicking Login Button
2026-07-30 01:02:09,264 | INFO | Login Request Submitted
2026-07-30 01:02:11,639 | INFO | Login Request Submitted
2026-07-30 01:02:12,406 | INFO | Opening Dashboard Page
2026-07-30 01:02:13,266 | INFO | Checking Dashboard Page
2026-07-30 01:02:17,443 | INFO | Opening Login Page
2026-07-30 01:02:17,876 | INFO | Starting Login Process
2026-07-30 01:02:17,876 | INFO | Entering Username
2026-07-30 01:02:19,289 | INFO | Opening Login Page
2026-07-30 01:02:19,649 | INFO | Opening Login Page
2026-07-30 01:02:19,832 | INFO | Starting Login Process
2026-07-30 01:02:19,832 | INFO | Entering Username
2026-07-30 01:02:19,904 | INFO | Entering Password
2026-07-30 01:02:20,181 | INFO | Clicking Login Button
2026-07-30 01:02:20,263 | INFO | Starting Login Process
2026-07-30 01:02:20,264 | INFO | Entering Username
2026-07-30 01:02:21,339 | INFO | Login Request Submitted
2026-07-30 01:02:21,685 | INFO | Entering Password
2026-07-30 01:02:21,916 | INFO | Clicking Login Button
2026-07-30 01:02:22,182 | INFO | Entering Password
2026-07-30 01:02:22,416 | INFO | Clicking Login Button
2026-07-30 01:02:23,469 | INFO | Login Request Submitted
2026-07-30 01:02:24,758 | INFO | Login Request Submitted
2026-07-30 01:02:25,039 | INFO | Opening Smart Bin Page
2026-07-30 01:02:25,255 | INFO | Clicking Full Filter
2026-07-30 01:02:49,370 | INFO | Opening Login Page
2026-07-30 01:02:49,712 | INFO | Starting Login Process
2026-07-30 01:02:49,712 | INFO | Entering Username
2026-07-30 01:02:50,864 | INFO | Opening Login Page
2026-07-30 01:02:51,509 | INFO | Starting Login Process
2026-07-30 01:02:51,510 | INFO | Entering Username
2026-07-30 01:02:51,625 | INFO | Entering Password
2026-07-30 01:02:51,844 | INFO | Clicking Login Button
2026-07-30 01:02:52,917 | INFO | Login Request Submitted
2026-07-30 01:02:53,377 | INFO | Entering Password
2026-07-30 01:02:53,551 | INFO | Clicking Login Button
2026-07-30 01:02:56,270 | INFO | Login Request Submitted
2026-07-30 01:13:48,097 | INFO | Opening Login Page
2026-07-30 01:13:48,485 | INFO | Starting Login Process
2026-07-30 01:13:48,485 | INFO | Entering Username
2026-07-30 01:13:50,325 | INFO | Entering Password
2026-07-30 01:13:50,493 | INFO | Clicking Login Button
2026-07-30 01:13:53,113 | INFO | Login Request Submitted
2026-07-30 01:13:53,170 | INFO | Opening Dashboard Page
2026-07-30 01:13:53,706 | INFO | Checking Dashboard Page
2026-07-30 01:13:58,140 | INFO | Opening Login Page
2026-07-30 01:13:59,134 | INFO | Starting Login Process
2026-07-30 01:13:59,135 | INFO | Entering Username
2026-07-30 01:14:00,407 | INFO | Entering Password
2026-07-30 01:14:00,566 | INFO | Clicking Login Button
2026-07-30 01:14:03,050 | INFO | Login Request Submitted
2026-07-30 01:14:07,555 | INFO | Opening Login Page
2026-07-30 01:14:08,264 | INFO | Starting Login Process
2026-07-30 01:14:08,265 | INFO | Entering Username
2026-07-30 01:14:10,097 | INFO | Entering Password
2026-07-30 01:14:10,265 | INFO | Clicking Login Button
2026-07-30 01:14:12,787 | INFO | Login Request Submitted
2026-07-30 01:14:17,290 | INFO | Opening Login Page
2026-07-30 01:14:17,749 | INFO | Starting Login Process
2026-07-30 01:14:17,749 | INFO | Entering Username
2026-07-30 01:14:19,574 | INFO | Entering Password
2026-07-30 01:14:19,758 | INFO | Clicking Login Button
2026-07-30 01:14:20,817 | INFO | Login Request Submitted
2026-07-30 01:14:35,823 | INFO | Opening Login Page
2026-07-30 01:14:36,213 | INFO | Starting Login Process
2026-07-30 01:14:36,213 | INFO | Entering Username
2026-07-30 01:14:38,036 | INFO | Entering Password
2026-07-30 01:14:38,202 | INFO | Clicking Login Button
2026-07-30 01:14:39,220 | INFO | Login Request Submitted
2026-07-30 01:14:54,217 | INFO | Opening Login Page
2026-07-30 01:14:54,867 | INFO | Starting Login Process
2026-07-30 01:14:54,868 | INFO | Entering Username
2026-07-30 01:14:56,685 | INFO | Entering Password
2026-07-30 01:14:56,857 | INFO | Clicking Login Button
2026-07-30 01:14:57,824 | INFO | Login Request Submitted
2026-07-30 01:15:12,827 | INFO | Opening Login Page
2026-07-30 01:15:13,489 | INFO | Starting Login Process
2026-07-30 01:15:13,490 | INFO | Entering Username
2026-07-30 01:15:15,319 | INFO | Entering Password
2026-07-30 01:15:15,481 | INFO | Clicking Login Button
2026-07-30 01:15:17,836 | INFO | Login Request Submitted
2026-07-30 01:15:17,959 | INFO | Opening Smart Bin Page
2026-07-30 01:15:18,104 | INFO | Clicking Full Filter
2026-07-30 01:24:50,521 | INFO | Opening Login Page
2026-07-30 01:24:51,185 | INFO | Starting Login Process
2026-07-30 01:24:51,185 | INFO | Entering Username
2026-07-30 01:24:53,024 | INFO | Entering Password
2026-07-30 01:24:53,225 | INFO | Clicking Login Button
2026-07-30 01:24:55,932 | INFO | Login Request Submitted
2026-07-30 01:24:56,136 | INFO | Opening Dashboard Page
2026-07-30 01:24:56,617 | INFO | Checking Dashboard Page
2026-07-30 01:25:00,994 | INFO | Opening Login Page
2026-07-30 01:25:01,687 | INFO | Starting Login Process
2026-07-30 01:25:01,687 | INFO | Entering Username
2026-07-30 01:25:03,527 | INFO | Entering Password
2026-07-30 01:25:03,706 | INFO | Clicking Login Button
2026-07-30 01:25:06,256 | INFO | Login Request Submitted
2026-07-30 01:25:10,900 | INFO | Opening Login Page
2026-07-30 01:25:11,310 | INFO | Starting Login Process
2026-07-30 01:25:11,310 | INFO | Entering Username
2026-07-30 01:25:13,109 | INFO | Entering Password
2026-07-30 01:25:13,292 | INFO | Clicking Login Button
2026-07-30 01:25:15,599 | INFO | Login Request Submitted
2026-07-30 01:25:20,122 | INFO | Opening Login Page
2026-07-30 01:25:20,533 | INFO | Starting Login Process
2026-07-30 01:25:20,533 | INFO | Entering Username
2026-07-30 01:25:22,354 | INFO | Entering Password
2026-07-30 01:25:22,546 | INFO | Clicking Login Button
2026-07-30 01:25:23,555 | INFO | Login Request Submitted
2026-07-30 01:25:38,504 | INFO | Opening Login Page
2026-07-30 01:25:38,847 | INFO | Starting Login Process
2026-07-30 01:25:38,847 | INFO | Entering Username
2026-07-30 01:25:40,647 | INFO | Entering Password
2026-07-30 01:25:40,820 | INFO | Clicking Login Button
2026-07-30 01:25:41,806 | INFO | Login Request Submitted
2026-07-30 01:25:56,870 | INFO | Opening Login Page
2026-07-30 01:25:57,518 | INFO | Starting Login Process
2026-07-30 01:25:57,518 | INFO | Entering Username
2026-07-30 01:25:59,362 | INFO | Entering Password
2026-07-30 01:25:59,518 | INFO | Clicking Login Button
2026-07-30 01:26:00,506 | INFO | Login Request Submitted
2026-07-30 01:26:15,482 | INFO | Opening Login Page
2026-07-30 01:26:15,963 | INFO | Starting Login Process
2026-07-30 01:26:15,964 | INFO | Entering Username
2026-07-30 01:26:17,784 | INFO | Entering Password
2026-07-30 01:26:17,953 | INFO | Clicking Login Button
2026-07-30 01:26:20,356 | INFO | Login Request Submitted
2026-07-30 01:26:20,422 | INFO | Opening Smart Bin Page
2026-07-30 01:26:20,578 | INFO | Clicking Full Filter
2026-07-30 01:28:22,451 | INFO | Opening Login Page
2026-07-30 01:28:22,887 | INFO | Starting Login Process
2026-07-30 01:28:22,887 | INFO | Entering Username
2026-07-30 01:28:24,720 | INFO | Entering Password
2026-07-30 01:28:24,908 | INFO | Clicking Login Button
2026-07-30 01:28:27,455 | INFO | Login Request Submitted
2026-07-30 01:28:27,516 | INFO | Opening Dashboard Page
2026-07-30 01:28:27,992 | INFO | Checking Dashboard Page
2026-07-30 01:28:32,416 | INFO | Opening Login Page
2026-07-30 01:28:33,070 | INFO | Starting Login Process
2026-07-30 01:28:33,070 | INFO | Entering Username
2026-07-30 01:28:34,883 | INFO | Entering Password
2026-07-30 01:28:35,041 | INFO | Clicking Login Button
2026-07-30 01:28:37,391 | INFO | Login Request Submitted
2026-07-30 01:28:41,847 | INFO | Opening Login Page
2026-07-30 01:28:42,252 | INFO | Starting Login Process
2026-07-30 01:28:42,252 | INFO | Entering Username
2026-07-30 01:28:44,070 | INFO | Entering Password
2026-07-30 01:28:44,235 | INFO | Clicking Login Button
2026-07-30 01:28:46,997 | INFO | Login Request Submitted
2026-07-30 01:28:51,448 | INFO | Opening Login Page
2026-07-30 01:28:52,074 | INFO | Starting Login Process
2026-07-30 01:28:52,074 | INFO | Entering Username
2026-07-30 01:28:53,923 | INFO | Entering Password
2026-07-30 01:28:54,121 | INFO | Clicking Login Button
2026-07-30 01:28:55,123 | INFO | Login Request Submitted
2026-07-30 01:29:10,057 | INFO | Opening Login Page
2026-07-30 01:29:10,449 | INFO | Starting Login Process
2026-07-30 01:29:10,450 | INFO | Entering Username
2026-07-30 01:29:12,260 | INFO | Entering Password
2026-07-30 01:29:12,452 | INFO | Clicking Login Button
2026-07-30 01:29:13,455 | INFO | Login Request Submitted
2026-07-30 01:29:28,482 | INFO | Opening Login Page
2026-07-30 01:29:29,118 | INFO | Starting Login Process
2026-07-30 01:29:29,118 | INFO | Entering Username
2026-07-30 01:29:30,926 | INFO | Entering Password
2026-07-30 01:29:31,078 | INFO | Clicking Login Button
2026-07-30 01:29:32,074 | INFO | Login Request Submitted
2026-07-30 01:29:46,932 | INFO | Opening Login Page
2026-07-30 01:29:48,058 | INFO | Starting Login Process
2026-07-30 01:29:48,059 | INFO | Entering Username
2026-07-30 01:29:49,319 | INFO | Entering Password
2026-07-30 01:29:49,508 | INFO | Clicking Login Button
2026-07-30 01:29:51,954 | INFO | Login Request Submitted
2026-07-30 01:29:52,019 | INFO | Opening Smart Bin Page
2026-07-30 01:29:52,170 | INFO | Clicking Full Filter
